Archive member included to satisfy reference by file (symbol)

c:/st/stm32cubeide_1.3.0/stm32cubeide/plugins/com.st.stm32cube.ide.mcu.externaltools.gnu-tools-for-stm32.7-2018-q2-update.win32_1.4.0.202007081208/tools/bin/../lib/gcc/arm-none-eabi/7.3.1/../../../../arm-none-eabi/lib/thumb/v7-m\libc_nano.a(lib_a-errno.o)
                              Core/Src/syscalls.o (__errno)
c:/st/stm32cubeide_1.3.0/stm32cubeide/plugins/com.st.stm32cube.ide.mcu.externaltools.gnu-tools-for-stm32.7-2018-q2-update.win32_1.4.0.202007081208/tools/bin/../lib/gcc/arm-none-eabi/7.3.1/../../../../arm-none-eabi/lib/thumb/v7-m\libc_nano.a(lib_a-exit.o)
                              c:/st/stm32cubeide_1.3.0/stm32cubeide/plugins/com.st.stm32cube.ide.mcu.externaltools.gnu-tools-for-stm32.7-2018-q2-update.win32_1.4.0.202007081208/tools/bin/../lib/gcc/arm-none-eabi/7.3.1/../../../../arm-none-eabi/lib/thumb/v7-m/crt0.o (exit)
c:/st/stm32cubeide_1.3.0/stm32cubeide/plugins/com.st.stm32cube.ide.mcu.externaltools.gnu-tools-for-stm32.7-2018-q2-update.win32_1.4.0.202007081208/tools/bin/../lib/gcc/arm-none-eabi/7.3.1/../../../../arm-none-eabi/lib/thumb/v7-m\libc_nano.a(lib_a-impure.o)
                              c:/st/stm32cubeide_1.3.0/stm32cubeide/plugins/com.st.stm32cube.ide.mcu.externaltools.gnu-tools-for-stm32.7-2018-q2-update.win32_1.4.0.202007081208/tools/bin/../lib/gcc/arm-none-eabi/7.3.1/../../../../arm-none-eabi/lib/thumb/v7-m\libc_nano.a(lib_a-exit.o) (_global_impure_ptr)
c:/st/stm32cubeide_1.3.0/stm32cubeide/plugins/com.st.stm32cube.ide.mcu.externaltools.gnu-tools-for-stm32.7-2018-q2-update.win32_1.4.0.202007081208/tools/bin/../lib/gcc/arm-none-eabi/7.3.1/../../../../arm-none-eabi/lib/thumb/v7-m\libc_nano.a(lib_a-init.o)
                              c:/st/stm32cubeide_1.3.0/stm32cubeide/plugins/com.st.stm32cube.ide.mcu.externaltools.gnu-tools-for-stm32.7-2018-q2-update.win32_1.4.0.202007081208/tools/bin/../lib/gcc/arm-none-eabi/7.3.1/../../../../arm-none-eabi/lib/thumb/v7-m/crt0.o (__libc_init_array)
c:/st/stm32cubeide_1.3.0/stm32cubeide/plugins/com.st.stm32cube.ide.mcu.externaltools.gnu-tools-for-stm32.7-2018-q2-update.win32_1.4.0.202007081208/tools/bin/../lib/gcc/arm-none-eabi/7.3.1/../../../../arm-none-eabi/lib/thumb/v7-m\libc_nano.a(lib_a-memset.o)
                              c:/st/stm32cubeide_1.3.0/stm32cubeide/plugins/com.st.stm32cube.ide.mcu.externaltools.gnu-tools-for-stm32.7-2018-q2-update.win32_1.4.0.202007081208/tools/bin/../lib/gcc/arm-none-eabi/7.3.1/../../../../arm-none-eabi/lib/thumb/v7-m/crt0.o (memset)

Allocating common symbols
Common symbol       size              file

change              0x4               Core/Src/main.o
I_shunt             0x4               Core/Src/main.o
main_counter        0x4               Core/Src/main.o
hspi2               0x58              Core/Src/main.o
U_ac_dc             0x4               Core/Src/main.o
htim4               0x48              Core/Src/main.o
currState           0x1               Core/Src/main.o
counter_steps       0x4               Core/Src/main.o
uwTick              0x4               Drivers/STM32F1xx_HAL_Driver/Src/stm32f1xx_hal.o
temperature         0x4               Core/Src/main.o
pFlash              0x20              Drivers/STM32F1xx_HAL_Driver/Src/stm32f1xx_hal_flash.o
fl                  0x2               Core/Src/main.o
hadc1               0x30              Core/Src/main.o
val                 0x4               Core/Src/main.o
hdma_adc1           0x44              Core/Src/main.o
U_AB                0x4               Core/Src/main.o
htim1               0x48              Core/Src/main.o
filtr_U_AB          0x4               Core/Src/main.o
filtr_temperature   0x4               Core/Src/main.o
filtr_I_shunt       0x4               Core/Src/main.o
filtr_U_ac_dc       0x4               Core/Src/main.o

Discarded input sections

 .text          0x0000000000000000        0x0 c:/st/stm32cubeide_1.3.0/stm32cubeide/plugins/com.st.stm32cube.ide.mcu.externaltools.gnu-tools-for-stm32.7-2018-q2-update.win32_1.4.0.202007081208/tools/bin/../lib/gcc/arm-none-eabi/7.3.1/thumb/v7-m/crti.o
 .data          0x0000000000000000        0x0 c:/st/stm32cubeide_1.3.0/stm32cubeide/plugins/com.st.stm32cube.ide.mcu.externaltools.gnu-tools-for-stm32.7-2018-q2-update.win32_1.4.0.202007081208/tools/bin/../lib/gcc/arm-none-eabi/7.3.1/thumb/v7-m/crti.o
 .bss           0x0000000000000000        0x0 c:/st/stm32cubeide_1.3.0/stm32cubeide/plugins/com.st.stm32cube.ide.mcu.externaltools.gnu-tools-for-stm32.7-2018-q2-update.win32_1.4.0.202007081208/tools/bin/../lib/gcc/arm-none-eabi/7.3.1/thumb/v7-m/crti.o
 .data          0x0000000000000000        0x4 c:/st/stm32cubeide_1.3.0/stm32cubeide/plugins/com.st.stm32cube.ide.mcu.externaltools.gnu-tools-for-stm32.7-2018-q2-update.win32_1.4.0.202007081208/tools/bin/../lib/gcc/arm-none-eabi/7.3.1/thumb/v7-m/crtbegin.o
[...]
Memory Configuration

Name             Origin             Length             Attributes
RAM              0x0000000020000000 0x0000000000005000 xrw
FLASH            0x0000000008000000 0x0000000000010000 xr
*default*        0x0000000000000000 0xffffffffffffffff

Linker script and memory map

LOAD c:/st/stm32cubeide_1.3.0/stm32cubeide/plugins/com.st.stm32cube.ide.mcu.externaltools.gnu-tools-for-stm32.7-2018-q2-update.win32_1.4.0.202007081208/tools/bin/../lib/gcc/arm-none-eabi/7.3.1/thumb/v7-m/crti.o
LOAD c:/st/stm32cubeide_1.3.0/stm32cubeide/plugins/com.st.stm32cube.ide.mcu.externaltools.gnu-tools-for-stm32.7-2018-q2-update.win32_1.4.0.202007081208/tools/bin/../lib/gcc/arm-none-eabi/7.3.1/thumb/v7-m/crtbegin.o
LOAD c:/st/stm32cubeide_1.3.0/stm32cubeide/plugins/com.st.stm32cube.ide.mcu.externaltools.gnu-tools-for-stm32.7-2018-q2-update.win32_1.4.0.202007081208/tools/bin/../lib/gcc/arm-none-eabi/7.3.1/../../../../arm-none-eabi/lib/thumb/v7-m/crt0.o
LOAD Core/Src/lcd.o
LOAD Core/Src/main.o
LOAD Core/Src/measurements.o
LOAD Core/Src/state_machine.o
LOAD Core/Src/stm32f1xx_hal_msp.o
LOAD Core/Src/stm32f1xx_it.o
LOAD Core/Src/syscalls.o
LOAD Core/Src/sysmem.o
LOAD Core/Src/system_stm32f1xx.o
LOAD Core/Src/test.o
LOAD Core/Startup/startup_stm32f103c8tx.o
LOAD Drivers/STM32F1xx_HAL_Driver/Src/stm32f1xx_hal.o
LOAD Drivers/STM32F1xx_HAL_Driver/Src/stm32f1xx_hal_adc.o
LOAD Drivers/STM32F1xx_HAL_Driver/Src/stm32f1xx_hal_adc_ex.o
LOAD Drivers/STM32F1xx_HAL_Driver/Src/stm32f1xx_hal_cortex.o
LOAD Drivers/STM32F1xx_HAL_Driver/Src/stm32f1xx_hal_dma.o
LOAD Drivers/STM32F1xx_HAL_Driver/Src/stm32f1xx_hal_exti.o
LOAD Drivers/STM32F1xx_HAL_Driver/Src/stm32f1xx_hal_flash.o
LOAD Drivers/STM32F1xx_HAL_Driver/Src/stm32f1xx_hal_flash_ex.o
LOAD Drivers/STM32F1xx_HAL_Driver/Src/stm32f1xx_hal_gpio.o
LOAD Drivers/STM32F1xx_HAL_Driver/Src/stm32f1xx_hal_gpio_ex.o
LOAD Drivers/STM32F1xx_HAL_Driver/Src/stm32f1xx_hal_pwr.o
LOAD Drivers/STM32F1xx_HAL_Driver/Src/stm32f1xx_hal_rcc.o
LOAD Drivers/STM32F1xx_HAL_Driver/Src/stm32f1xx_hal_rcc_ex.o
LOAD Drivers/STM32F1xx_HAL_Driver/Src/stm32f1xx_hal_spi.o
LOAD Drivers/STM32F1xx_HAL_Driver/Src/stm32f1xx_hal_tim.o
LOAD Drivers/STM32F1xx_HAL_Driver/Src/stm32f1xx_hal_tim_ex.o
START GROUP
LOAD c:/st/stm32cubeide_1.3.0/stm32cubeide/plugins/com.st.stm32cube.ide.mcu.externaltools.gnu-tools-for-stm32.7-2018-q2-update.win32_1.4.0.202007081208/tools/bin/../lib/gcc/arm-none-eabi/7.3.1/../../../../arm-none-eabi/lib/thumb/v7-m\libc_nano.a
LOAD c:/st/stm32cubeide_1.3.0/stm32cubeide/plugins/com.st.stm32cube.ide.mcu.externaltools.gnu-tools-for-stm32.7-2018-q2-update.win32_1.4.0.202007081208/tools/bin/../lib/gcc/arm-none-eabi/7.3.1/../../../../arm-none-eabi/lib/thumb/v7-m\libm.a
END GROUP
START GROUP
LOAD c:/st/stm32cubeide_1.3.0/stm32cubeide/plugins/com.st.stm32cube.ide.mcu.externaltools.gnu-tools-for-stm32.7-2018-q2-update.win32_1.4.0.202007081208/tools/bin/../lib/gcc/arm-none-eabi/7.3.1/thumb/v7-m\libgcc.a
LOAD c:/st/stm32cubeide_1.3.0/stm32cubeide/plugins/com.st.stm32cube.ide.mcu.externaltools.gnu-tools-for-stm32.7-2018-q2-update.win32_1.4.0.202007081208/tools/bin/../lib/gcc/arm-none-eabi/7.3.1/../../../../arm-none-eabi/lib/thumb/v7-m\libc_nano.a
END GROUP
START GROUP
LOAD c:/st/stm32cubeide_1.3.0/stm32cubeide/plugins/com.st.stm32cube.ide.mcu.externaltools.gnu-tools-for-stm32.7-2018-q2-update.win32_1.4.0.202007081208/tools/bin/../lib/gcc/arm-none-eabi/7.3.1/thumb/v7-m\libgcc.a
LOAD c:/st/stm32cubeide_1.3.0/stm32cubeide/plugins/com.st.stm32cube.ide.mcu.externaltools.gnu-tools-for-stm32.7-2018-q2-update.win32_1.4.0.202007081208/tools/bin/../lib/gcc/arm-none-eabi/7.3.1/../../../../arm-none-eabi/lib/thumb/v7-m\libc_nano.a
LOAD c:/st/stm32cubeide_1.3.0/stm32cubeide/plugins/com.st.stm32cube.ide.mcu.externaltools.gnu-tools-for-stm32.7-2018-q2-update.win32_1.4.0.202007081208/tools/bin/../lib/gcc/arm-none-eabi/7.3.1/../../../../arm-none-eabi/lib/thumb/v7-m\libnosys.a
END GROUP
START GROUP
LOAD c:/st/stm32cubeide_1.3.0/stm32cubeide/plugins/com.st.stm32cube.ide.mcu.externaltools.gnu-tools-for-stm32.7-2018-q2-update.win32_1.4.0.202007081208/tools/bin/../lib/gcc/arm-none-eabi/7.3.1/thumb/v7-m\libgcc.a
LOAD c:/st/stm32cubeide_1.3.0/stm32cubeide/plugins/com.st.stm32cube.ide.mcu.externaltools.gnu-tools-for-stm32.7-2018-q2-update.win32_1.4.0.202007081208/tools/bin/../lib/gcc/arm-none-eabi/7.3.1/../../../../arm-none-eabi/lib/thumb/v7-m\libc_nano.a
LOAD c:/st/stm32cubeide_1.3.0/stm32cubeide/plugins/com.st.stm32cube.ide.mcu.externaltools.gnu-tools-for-stm32.7-2018-q2-update.win32_1.4.0.202007081208/tools/bin/../lib/gcc/arm-none-eabi/7.3.1/../../../../arm-none-eabi/lib/thumb/v7-m\libnosys.a
END GROUP
LOAD c:/st/stm32cubeide_1.3.0/stm32cubeide/plugins/com.st.stm32cube.ide.mcu.externaltools.gnu-tools-for-stm32.7-2018-q2-update.win32_1.4.0.202007081208/tools/bin/../lib/gcc/arm-none-eabi/7.3.1/thumb/v7-m/crtend.o
LOAD c:/st/stm32cubeide_1.3.0/stm32cubeide/plugins/com.st.stm32cube.ide.mcu.externaltools.gnu-tools-for-stm32.7-2018-q2-update.win32_1.4.0.202007081208/tools/bin/../lib/gcc/arm-none-eabi/7.3.1/thumb/v7-m/crtn.o
                0x0000000020005000                _estack = (ORIGIN (RAM) + LENGTH (RAM))
                0x0000000000000200                _Min_Heap_Size = 0x200
                0x0000000000000400                _Min_Stack_Size = 0x400

.isr_vector     0x0000000008000000      0x10c
                0x0000000008000000                . = ALIGN (0x4)
 *(.isr_vector)
 .isr_vector    0x0000000008000000      0x10c Core/Startup/startup_stm32f103c8tx.o
                0x0000000008000000                g_pfnVectors
                0x000000000800010c                . = ALIGN (0x4)

.text           0x000000000800010c     0x4310
                0x000000000800010c                . = ALIGN (0x4)
 *(.text)
 .text          0x000000000800010c       0x40 c:/st/stm32cubeide_1.3.0/stm32cubeide/plugins/com.st.stm32cube.ide.mcu.externaltools.gnu-tools-for-stm32.7-2018-q2-update.win32_1.4.0.202007081208/tools/bin/../lib/gcc/arm-none-eabi/7.3.1/thumb/v7-m/crtbegin.o
 *(.text*)
 .text.update_lcd
                0x000000000800014c       0x74 Core/Src/lcd.o
                0x000000000800014c                update_lcd
 .text.print_number
                0x00000000080001c0      0x130 Core/Src/lcd.o
                0x00000000080001c0                print_number
 .text.print_digit
                0x00000000080002f0       0xc8 Core/Src/lcd.o
                0x00000000080002f0                print_digit
 .text.prepare_number
                0x00000000080003b8       0x88 Core/Src/lcd.o
                0x00000000080003b8                prepare_number
 .text.HAL_ADC_ConvCpltCallback
                0x0000000008000440       0x28 Core/Src/main.o
                0x0000000008000440                HAL_ADC_ConvCpltCallback
 .text.main     0x0000000008000468      0x3e4 Core/Src/main.o
                0x0000000008000468                main
 .text.SystemClock_Config
                0x000000000800084c       0xb6 Core/Src/main.o
                0x000000000800084c                SystemClock_Config
 *fill*         0x0000000008000902        0x2 
 .text.MX_ADC1_Init
                0x0000000008000904       0xd4 Core/Src/main.o
 .text.MX_SPI2_Init
                0x00000000080009d8       0x6c Core/Src/main.o
 .text.MX_TIM1_Init
                0x0000000008000a44       0xa4 Core/Src/main.o
 .text.MX_TIM4_Init
                0x0000000008000ae8       0xb0 Core/Src/main.o
 .text.MX_DMA_Init
                0x0000000008000b98       0x3c Core/Src/main.o
 .text.MX_GPIO_Init
                0x0000000008000bd4       0xe0 Core/Src/main.o
 .text.Error_Handler
                0x0000000008000cb4        0xc Core/Src/main.o
                0x0000000008000cb4                Error_Handler
 .text.measure_data
                0x0000000008000cc0       0xa8 Core/Src/measurements.o
                0x0000000008000cc0                measure_data
 .text.init_filtr
                0x0000000008000d68       0x34 Core/Src/measurements.o
                0x0000000008000d68                init_filtr
 .text.mean_vals
                0x0000000008000d9c       0x80 Core/Src/measurements.o
                0x0000000008000d9c                mean_vals
 .text.getState
                0x0000000008000e1c       0x14 Core/Src/state_machine.o
                0x0000000008000e1c                getState
 .text.setState
                0x0000000008000e30       0x20 Core/Src/state_machine.o
                0x0000000008000e30                setState
 .text.HAL_MspInit
                0x0000000008000e50       0x64 Core/Src/stm32f1xx_hal_msp.o
                0x0000000008000e50                HAL_MspInit
 .text.HAL_ADC_MspInit
                0x0000000008000eb4      0x100 Core/Src/stm32f1xx_hal_msp.o
                0x0000000008000eb4                HAL_ADC_MspInit
 .text.HAL_SPI_MspInit
                0x0000000008000fb4       0x98 Core/Src/stm32f1xx_hal_msp.o
                0x0000000008000fb4                HAL_SPI_MspInit
 .text.HAL_TIM_Base_MspInit
                0x000000000800104c       0x4c Core/Src/stm32f1xx_hal_msp.o
                0x000000000800104c                HAL_TIM_Base_MspInit
 .text.HAL_TIM_OC_MspInit
                0x0000000008001098       0x3c Core/Src/stm32f1xx_hal_msp.o
                0x0000000008001098                HAL_TIM_OC_MspInit
 .text.NMI_Handler
                0x00000000080010d4        0xc Core/Src/stm32f1xx_it.o
                0x00000000080010d4                NMI_Handler
 .text.HardFault_Handler
                0x00000000080010e0        0x6 Core/Src/stm32f1xx_it.o
                0x00000000080010e0                HardFault_Handler
 .text.MemManage_Handler
                0x00000000080010e6        0x6 Core/Src/stm32f1xx_it.o
                0x00000000080010e6                MemManage_Handler
 .text.BusFault_Handler
                0x00000000080010ec        0x6 Core/Src/stm32f1xx_it.o
                0x00000000080010ec                BusFault_Handler
 .text.UsageFault_Handler
                0x00000000080010f2        0x6 Core/Src/stm32f1xx_it.o
                0x00000000080010f2                UsageFault_Handler
 .text.SVC_Handler
                0x00000000080010f8        0xc Core/Src/stm32f1xx_it.o
                0x00000000080010f8                SVC_Handler
 .text.DebugMon_Handler
                0x0000000008001104        0xc Core/Src/stm32f1xx_it.o
                0x0000000008001104                DebugMon_Handler
 .text.PendSV_Handler
                0x0000000008001110        0xc Core/Src/stm32f1xx_it.o
                0x0000000008001110                PendSV_Handler
 .text.SysTick_Handler
                0x000000000800111c        0xc Core/Src/stm32f1xx_it.o
                0x000000000800111c                SysTick_Handler
 .text.DMA1_Channel1_IRQHandler
                0x0000000008001128       0x14 Core/Src/stm32f1xx_it.o
                0x0000000008001128                DMA1_Channel1_IRQHandler
 .text.TIM1_UP_IRQHandler
                0x000000000800113c       0x34 Core/Src/stm32f1xx_it.o
                0x000000000800113c                TIM1_UP_IRQHandler
 .text.SystemInit
                0x0000000008001170       0x68 Core/Src/system_stm32f1xx.o
                0x0000000008001170                SystemInit
 .text.all_leds_on
                0x00000000080011d8       0x64 Core/Src/test.o
                0x00000000080011d8                all_leds_on
 .text.all_leds_off
                0x000000000800123c       0x64 Core/Src/test.o
                0x000000000800123c                all_leds_off
 .text.all_segments_on
                0x00000000080012a0       0x3c Core/Src/test.o
                0x00000000080012a0                all_segments_on
 .text.all_segments_off
                0x00000000080012dc       0x3c Core/Src/test.o
                0x00000000080012dc                all_segments_off
 .text.Reset_Handler
                0x0000000008001318       0x48 Core/Startup/startup_stm32f103c8tx.o
                0x0000000008001318                Reset_Handler
 .text.Default_Handler
                0x0000000008001360        0x2 Core/Startup/startup_stm32f103c8tx.o
                0x0000000008001360                RTC_Alarm_IRQHandler
                0x0000000008001360                EXTI2_IRQHandler
                0x0000000008001360                TIM1_CC_IRQHandler
                0x0000000008001360                PVD_IRQHandler
                0x0000000008001360                EXTI3_IRQHandler
                0x0000000008001360                EXTI0_IRQHandler
                0x0000000008001360                I2C2_EV_IRQHandler
                0x0000000008001360                ADC1_2_IRQHandler
                0x0000000008001360                SPI1_IRQHandler
                0x0000000008001360                TAMPER_IRQHandler
                0x0000000008001360                DMA1_Channel4_IRQHandler
                0x0000000008001360                USART3_IRQHandler
                0x0000000008001360                RTC_IRQHandler
                0x0000000008001360                DMA1_Channel7_IRQHandler
                0x0000000008001360                CAN1_RX1_IRQHandler
                0x0000000008001360                TIM4_IRQHandler
                0x0000000008001360                I2C1_EV_IRQHandler
                0x0000000008001360                DMA1_Channel6_IRQHandler
                0x0000000008001360                TIM3_IRQHandler
                0x0000000008001360                RCC_IRQHandler
                0x0000000008001360                TIM1_TRG_COM_IRQHandler
                0x0000000008001360                Default_Handler
                0x0000000008001360                EXTI15_10_IRQHandler
                0x0000000008001360                EXTI9_5_IRQHandler
                0x0000000008001360                SPI2_IRQHandler
                0x0000000008001360                DMA1_Channel5_IRQHandler
                0x0000000008001360                EXTI4_IRQHandler
                0x0000000008001360                USB_LP_CAN1_RX0_IRQHandler
                0x0000000008001360                USB_HP_CAN1_TX_IRQHandler
                0x0000000008001360                DMA1_Channel3_IRQHandler
                0x0000000008001360                WWDG_IRQHandler
                0x0000000008001360                TIM2_IRQHandler
                0x0000000008001360                TIM1_BRK_IRQHandler
                0x0000000008001360                EXTI1_IRQHandler
                0x0000000008001360                USART2_IRQHandler
                0x0000000008001360                I2C2_ER_IRQHandler
                0x0000000008001360                DMA1_Channel2_IRQHandler
                0x0000000008001360                CAN1_SCE_IRQHandler
                0x0000000008001360                FLASH_IRQHandler
                0x0000000008001360                USART1_IRQHandler
                0x0000000008001360                I2C1_ER_IRQHandler
                0x0000000008001360                USBWakeUp_IRQHandler
 *fill*         0x0000000008001362        0x2 
 .text.HAL_Init
                0x0000000008001364       0x2c Drivers/STM32F1xx_HAL_Driver/Src/stm32f1xx_hal.o
                0x0000000008001364                HAL_Init
 .text.HAL_InitTick
                0x0000000008001390       0x60 Drivers/STM32F1xx_HAL_Driver/Src/stm32f1xx_hal.o
                0x0000000008001390                HAL_InitTick
 .text.HAL_IncTick
                0x00000000080013f0       0x24 Drivers/STM32F1xx_HAL_Driver/Src/stm32f1xx_hal.o
                0x00000000080013f0                HAL_IncTick
 .text.HAL_GetTick
                0x0000000008001414       0x14 Drivers/STM32F1xx_HAL_Driver/Src/stm32f1xx_hal.o
                0x0000000008001414                HAL_GetTick
 .text.HAL_Delay
                0x0000000008001428       0x44 Drivers/STM32F1xx_HAL_Driver/Src/stm32f1xx_hal.o
                0x0000000008001428                HAL_Delay
 .text.HAL_ADC_Init
                0x000000000800146c      0x1b0 Drivers/STM32F1xx_HAL_Driver/Src/stm32f1xx_hal_adc.o
                0x000000000800146c                HAL_ADC_Init
 .text.HAL_ADC_Start_DMA
                0x000000000800161c      0x1bc Drivers/STM32F1xx_HAL_Driver/Src/stm32f1xx_hal_adc.o
                0x000000000800161c                HAL_ADC_Start_DMA
 .text.HAL_ADC_ConvHalfCpltCallback
                0x00000000080017d8       0x12 Drivers/STM32F1xx_HAL_Driver/Src/stm32f1xx_hal_adc.o
                0x00000000080017d8                HAL_ADC_ConvHalfCpltCallback
 .text.HAL_ADC_ErrorCallback
                0x00000000080017ea       0x12 Drivers/STM32F1xx_HAL_Driver/Src/stm32f1xx_hal_adc.o
                0x00000000080017ea                HAL_ADC_ErrorCallback
 .text.HAL_ADC_ConfigChannel
                0x00000000080017fc      0x1f0 Drivers/STM32F1xx_HAL_Driver/Src/stm32f1xx_hal_adc.o
                0x00000000080017fc                HAL_ADC_ConfigChannel
 .text.ADC_Enable
                0x00000000080019ec       0xa4 Drivers/STM32F1xx_HAL_Driver/Src/stm32f1xx_hal_adc.o
                0x00000000080019ec                ADC_Enable
 .text.ADC_ConversionStop_Disable
                0x0000000008001a90       0x74 Drivers/STM32F1xx_HAL_Driver/Src/stm32f1xx_hal_adc.o
                0x0000000008001a90                ADC_ConversionStop_Disable
 .text.ADC_DMAConvCplt
                0x0000000008001b04       0x7c Drivers/STM32F1xx_HAL_Driver/Src/stm32f1xx_hal_adc.o
                0x0000000008001b04                ADC_DMAConvCplt
 .text.ADC_DMAHalfConvCplt
                0x0000000008001b80       0x1c Drivers/STM32F1xx_HAL_Driver/Src/stm32f1xx_hal_adc.o
                0x0000000008001b80                ADC_DMAHalfConvCplt
 .text.ADC_DMAError
                0x0000000008001b9c       0x34 Drivers/STM32F1xx_HAL_Driver/Src/stm32f1xx_hal_adc.o
                0x0000000008001b9c                ADC_DMAError
 .text.HAL_ADCEx_Calibration_Start
                0x0000000008001bd0      0x138 Drivers/STM32F1xx_HAL_Driver/Src/stm32f1xx_hal_adc_ex.o
                0x0000000008001bd0                HAL_ADCEx_Calibration_Start
 .text.__NVIC_SetPriorityGrouping
                0x0000000008001d08       0x48 Drivers/STM32F1xx_HAL_Driver/Src/stm32f1xx_hal_cortex.o
 .text.__NVIC_GetPriorityGrouping
                0x0000000008001d50       0x1c Drivers/STM32F1xx_HAL_Driver/Src/stm32f1xx_hal_cortex.o
 .text.__NVIC_EnableIRQ
                0x0000000008001d6c       0x38 Drivers/STM32F1xx_HAL_Driver/Src/stm32f1xx_hal_cortex.o
 .text.__NVIC_SetPriority
                0x0000000008001da4       0x54 Drivers/STM32F1xx_HAL_Driver/Src/stm32f1xx_hal_cortex.o
 .text.NVIC_EncodePriority
                0x0000000008001df8       0x64 Drivers/STM32F1xx_HAL_Driver/Src/stm32f1xx_hal_cortex.o
 .text.SysTick_Config
                0x0000000008001e5c       0x44 Drivers/STM32F1xx_HAL_Driver/Src/stm32f1xx_hal_cortex.o
 .text.HAL_NVIC_SetPriorityGrouping
                0x0000000008001ea0       0x16 Drivers/STM32F1xx_HAL_Driver/Src/stm32f1xx_hal_cortex.o
                0x0000000008001ea0                HAL_NVIC_SetPriorityGrouping
 .text.HAL_NVIC_SetPriority
                0x0000000008001eb6       0x38 Drivers/STM32F1xx_HAL_Driver/Src/stm32f1xx_hal_cortex.o
                0x0000000008001eb6                HAL_NVIC_SetPriority
 .text.HAL_NVIC_EnableIRQ
                0x0000000008001eee       0x1c Drivers/STM32F1xx_HAL_Driver/Src/stm32f1xx_hal_cortex.o
                0x0000000008001eee                HAL_NVIC_EnableIRQ
 .text.HAL_SYSTICK_Config
                0x0000000008001f0a       0x18 Drivers/STM32F1xx_HAL_Driver/Src/stm32f1xx_hal_cortex.o
                0x0000000008001f0a                HAL_SYSTICK_Config
 *fill*         0x0000000008001f22        0x2 
 .text.HAL_DMA_Init
                0x0000000008001f24       0xb4 Drivers/STM32F1xx_HAL_Driver/Src/stm32f1xx_hal_dma.o
                0x0000000008001f24                HAL_DMA_Init
 .text.HAL_DMA_Start_IT
                0x0000000008001fd8       0xbe Drivers/STM32F1xx_HAL_Driver/Src/stm32f1xx_hal_dma.o
                0x0000000008001fd8                HAL_DMA_Start_IT
 *fill*         0x0000000008002096        0x2 
 .text.HAL_DMA_IRQHandler
                0x0000000008002098      0x20c Drivers/STM32F1xx_HAL_Driver/Src/stm32f1xx_hal_dma.o
                0x0000000008002098                HAL_DMA_IRQHandler
 .text.DMA_SetConfig
                0x00000000080022a4       0x5a Drivers/STM32F1xx_HAL_Driver/Src/stm32f1xx_hal_dma.o
 *fill*         0x00000000080022fe        0x2 
 .text.HAL_GPIO_Init
                0x0000000008002300      0x2b4 Drivers/STM32F1xx_HAL_Driver/Src/stm32f1xx_hal_gpio.o
                0x0000000008002300                HAL_GPIO_Init
 .text.HAL_GPIO_ReadPin
                0x00000000080025b4       0x2e Drivers/STM32F1xx_HAL_Driver/Src/stm32f1xx_hal_gpio.o
                0x00000000080025b4                HAL_GPIO_ReadPin
 .text.HAL_GPIO_WritePin
                0x00000000080025e2       0x30 Drivers/STM32F1xx_HAL_Driver/Src/stm32f1xx_hal_gpio.o
                0x00000000080025e2                HAL_GPIO_WritePin
 *fill*         0x0000000008002612        0x2 
 .text.HAL_RCC_OscConfig
                0x0000000008002614      0x500 Drivers/STM32F1xx_HAL_Driver/Src/stm32f1xx_hal_rcc.o
                0x0000000008002614                HAL_RCC_OscConfig
 .text.HAL_RCC_ClockConfig
                0x0000000008002b14      0x1d4 Drivers/STM32F1xx_HAL_Driver/Src/stm32f1xx_hal_rcc.o
                0x0000000008002b14                HAL_RCC_ClockConfig
 .text.HAL_RCC_GetSysClockFreq
                0x0000000008002ce8       0xc4 Drivers/STM32F1xx_HAL_Driver/Src/stm32f1xx_hal_rcc.o
                0x0000000008002ce8                HAL_RCC_GetSysClockFreq
 .text.HAL_RCC_GetHCLKFreq
                0x0000000008002dac       0x14 Drivers/STM32F1xx_HAL_Driver/Src/stm32f1xx_hal_rcc.o
                0x0000000008002dac                HAL_RCC_GetHCLKFreq
 .text.HAL_RCC_GetPCLK2Freq
                0x0000000008002dc0       0x28 Drivers/STM32F1xx_HAL_Driver/Src/stm32f1xx_hal_rcc.o
                0x0000000008002dc0                HAL_RCC_GetPCLK2Freq
 .text.RCC_Delay
                0x0000000008002de8       0x3c Drivers/STM32F1xx_HAL_Driver/Src/stm32f1xx_hal_rcc.o
 .text.HAL_RCCEx_PeriphCLKConfig
                0x0000000008002e24      0x16c Drivers/STM32F1xx_HAL_Driver/Src/stm32f1xx_hal_rcc_ex.o
                0x0000000008002e24                HAL_RCCEx_PeriphCLKConfig
 .text.HAL_RCCEx_GetPeriphCLKFreq
                0x0000000008002f90      0x178 Drivers/STM32F1xx_HAL_Driver/Src/stm32f1xx_hal_rcc_ex.o
                0x0000000008002f90                HAL_RCCEx_GetPeriphCLKFreq
 .text.HAL_SPI_Init
                0x0000000008003108      0x108 Drivers/STM32F1xx_HAL_Driver/Src/stm32f1xx_hal_spi.o
                0x0000000008003108                HAL_SPI_Init
 .text.HAL_SPI_Transmit
                0x0000000008003210      0x278 Drivers/STM32F1xx_HAL_Driver/Src/stm32f1xx_hal_spi.o
                0x0000000008003210                HAL_SPI_Transmit
 .text.SPI_WaitFlagStateUntilTimeout
                0x0000000008003488      0x110 Drivers/STM32F1xx_HAL_Driver/Src/stm32f1xx_hal_spi.o
 .text.SPI_EndRxTxTransaction
                0x0000000008003598       0x3c Drivers/STM32F1xx_HAL_Driver/Src/stm32f1xx_hal_spi.o
 .text.HAL_TIM_Base_Init
                0x00000000080035d4       0x9e Drivers/STM32F1xx_HAL_Driver/Src/stm32f1xx_hal_tim.o
                0x00000000080035d4                HAL_TIM_Base_Init
 *fill*         0x0000000008003672        0x2 
 .text.HAL_TIM_Base_Start_IT
                0x0000000008003674       0xa4 Drivers/STM32F1xx_HAL_Driver/Src/stm32f1xx_hal_tim.o
                0x0000000008003674                HAL_TIM_Base_Start_IT
 .text.HAL_TIM_OC_Init
                0x0000000008003718       0x9e Drivers/STM32F1xx_HAL_Driver/Src/stm32f1xx_hal_tim.o
                0x0000000008003718                HAL_TIM_OC_Init
 *fill*         0x00000000080037b6        0x2 
 .text.HAL_TIM_OC_Start
                0x00000000080037b8      0x144 Drivers/STM32F1xx_HAL_Driver/Src/stm32f1xx_hal_tim.o
                0x00000000080037b8                HAL_TIM_OC_Start
 .text.HAL_TIM_IRQHandler
                0x00000000080038fc      0x210 Drivers/STM32F1xx_HAL_Driver/Src/stm32f1xx_hal_tim.o
                0x00000000080038fc                HAL_TIM_IRQHandler
 .text.HAL_TIM_OC_ConfigChannel
                0x0000000008003b0c       0xb0 Drivers/STM32F1xx_HAL_Driver/Src/stm32f1xx_hal_tim.o
                0x0000000008003b0c                HAL_TIM_OC_ConfigChannel
 .text.HAL_TIM_ConfigClockSource
                0x0000000008003bbc      0x16e Drivers/STM32F1xx_HAL_Driver/Src/stm32f1xx_hal_tim.o
                0x0000000008003bbc                HAL_TIM_ConfigClockSource
 .text.HAL_TIM_PeriodElapsedCallback
                0x0000000008003d2a       0x12 Drivers/STM32F1xx_HAL_Driver/Src/stm32f1xx_hal_tim.o
                0x0000000008003d2a                HAL_TIM_PeriodElapsedCallback
 .text.HAL_TIM_OC_DelayElapsedCallback
                0x0000000008003d3c       0x12 Drivers/STM32F1xx_HAL_Driver/Src/stm32f1xx_hal_tim.o
                0x0000000008003d3c                HAL_TIM_OC_DelayElapsedCallback
 .text.HAL_TIM_IC_CaptureCallback
                0x0000000008003d4e       0x12 Drivers/STM32F1xx_HAL_Driver/Src/stm32f1xx_hal_tim.o
                0x0000000008003d4e                HAL_TIM_IC_CaptureCallback
 .text.HAL_TIM_PWM_PulseFinishedCallback
                0x0000000008003d60       0x12 Drivers/STM32F1xx_HAL_Driver/Src/stm32f1xx_hal_tim.o
                0x0000000008003d60                HAL_TIM_PWM_PulseFinishedCallback
 .text.HAL_TIM_TriggerCallback
                0x0000000008003d72       0x12 Drivers/STM32F1xx_HAL_Driver/Src/stm32f1xx_hal_tim.o
                0x0000000008003d72                HAL_TIM_TriggerCallback
 .text.TIM_Base_SetConfig
                0x0000000008003d84       0xc4 Drivers/STM32F1xx_HAL_Driver/Src/stm32f1xx_hal_tim.o
                0x0000000008003d84                TIM_Base_SetConfig
 .text.TIM_OC1_SetConfig
                0x0000000008003e48       0xcc Drivers/STM32F1xx_HAL_Driver/Src/stm32f1xx_hal_tim.o
 .text.TIM_OC2_SetConfig
                0x0000000008003f14       0xd4 Drivers/STM32F1xx_HAL_Driver/Src/stm32f1xx_hal_tim.o
                0x0000000008003f14                TIM_OC2_SetConfig
 .text.TIM_OC3_SetConfig
                0x0000000008003fe8       0xd4 Drivers/STM32F1xx_HAL_Driver/Src/stm32f1xx_hal_tim.o
 .text.TIM_OC4_SetConfig
                0x00000000080040bc       0x9c Drivers/STM32F1xx_HAL_Driver/Src/stm32f1xx_hal_tim.o
 .text.TIM_TI1_ConfigInputStage
                0x0000000008004158       0x5c Drivers/STM32F1xx_HAL_Driver/Src/stm32f1xx_hal_tim.o
 .text.TIM_TI2_ConfigInputStage
                0x00000000080041b4       0x5e Drivers/STM32F1xx_HAL_Driver/Src/stm32f1xx_hal_tim.o
 .text.TIM_ITRx_SetConfig
                0x0000000008004212       0x34 Drivers/STM32F1xx_HAL_Driver/Src/stm32f1xx_hal_tim.o
 .text.TIM_ETR_SetConfig
                0x0000000008004246       0x3e Drivers/STM32F1xx_HAL_Driver/Src/stm32f1xx_hal_tim.o
                0x0000000008004246                TIM_ETR_SetConfig
 .text.TIM_CCxChannelCmd
                0x0000000008004284       0x48 Drivers/STM32F1xx_HAL_Driver/Src/stm32f1xx_hal_tim.o
                0x0000000008004284                TIM_CCxChannelCmd
 .text.HAL_TIMEx_MasterConfigSynchronization
                0x00000000080042cc       0xbc Drivers/STM32F1xx_HAL_Driver/Src/stm32f1xx_hal_tim_ex.o
                0x00000000080042cc                HAL_TIMEx_MasterConfigSynchronization
 .text.HAL_TIMEx_CommutCallback
                0x0000000008004388       0x12 Drivers/STM32F1xx_HAL_Driver/Src/stm32f1xx_hal_tim_ex.o
                0x0000000008004388                HAL_TIMEx_CommutCallback
 .text.HAL_TIMEx_BreakCallback
                0x000000000800439a       0x12 Drivers/STM32F1xx_HAL_Driver/Src/stm32f1xx_hal_tim_ex.o
                0x000000000800439a                HAL_TIMEx_BreakCallback
 .text.__libc_init_array
                0x00000000080043ac       0x48 c:/st/stm32cubeide_1.3.0/stm32cubeide/plugins/com.st.stm32cube.ide.mcu.externaltools.gnu-tools-for-stm32.7-2018-q2-update.win32_1.4.0.202007081208/tools/bin/../lib/gcc/arm-none-eabi/7.3.1/../../../../arm-none-eabi/lib/thumb/v7-m\libc_nano.a(lib_a-init.o)
                0x00000000080043ac                __libc_init_array
 .text.memset   0x00000000080043f4       0x10 c:/st/stm32cubeide_1.3.0/stm32cubeide/plugins/com.st.stm32cube.ide.mcu.externaltools.gnu-tools-for-stm32.7-2018-q2-update.win32_1.4.0.202007081208/tools/bin/../lib/gcc/arm-none-eabi/7.3.1/../../../../arm-none-eabi/lib/thumb/v7-m\libc_nano.a(lib_a-memset.o)
                0x00000000080043f4                memset
 *(.glue_7)
 .glue_7        0x0000000008004404        0x0 linker stubs
 *(.glue_7t)
 .glue_7t       0x0000000008004404        0x0 linker stubs
 *(.eh_frame)
 .eh_frame      0x0000000008004404        0x0 c:/st/stm32cubeide_1.3.0/stm32cubeide/plugins/com.st.stm32cube.ide.mcu.externaltools.gnu-tools-for-stm32.7-2018-q2-update.win32_1.4.0.202007081208/tools/bin/../lib/gcc/arm-none-eabi/7.3.1/thumb/v7-m/crtbegin.o
 *(.init)
 .init          0x0000000008004404        0x4 c:/st/stm32cubeide_1.3.0/stm32cubeide/plugins/com.st.stm32cube.ide.mcu.externaltools.gnu-tools-for-stm32.7-2018-q2-update.win32_1.4.0.202007081208/tools/bin/../lib/gcc/arm-none-eabi/7.3.1/thumb/v7-m/crti.o
                0x0000000008004404                _init
 .init          0x0000000008004408        0x8 c:/st/stm32cubeide_1.3.0/stm32cubeide/plugins/com.st.stm32cube.ide.mcu.externaltools.gnu-tools-for-stm32.7-2018-q2-update.win32_1.4.0.202007081208/tools/bin/../lib/gcc/arm-none-eabi/7.3.1/thumb/v7-m/crtn.o
 *(.fini)
 .fini          0x0000000008004410        0x4 c:/st/stm32cubeide_1.3.0/stm32cubeide/plugins/com.st.stm32cube.ide.mcu.externaltools.gnu-tools-for-stm32.7-2018-q2-update.win32_1.4.0.202007081208/tools/bin/../lib/gcc/arm-none-eabi/7.3.1/thumb/v7-m/crti.o
                0x0000000008004410                _fini
 .fini          0x0000000008004414        0x8 c:/st/stm32cubeide_1.3.0/stm32cubeide/plugins/com.st.stm32cube.ide.mcu.externaltools.gnu-tools-for-stm32.7-2018-q2-update.win32_1.4.0.202007081208/tools/bin/../lib/gcc/arm-none-eabi/7.3.1/thumb/v7-m/crtn.o
                0x000000000800441c                . = ALIGN (0x4)
                0x000000000800441c                _etext = .

.vfp11_veneer   0x000000000800441c        0x0
 .vfp11_veneer  0x000000000800441c        0x0 linker stubs

.v4_bx          0x000000000800441c        0x0
 .v4_bx         0x000000000800441c        0x0 linker stubs

.iplt           0x000000000800441c        0x0
 .iplt          0x000000000800441c        0x0 c:/st/stm32cubeide_1.3.0/stm32cubeide/plugins/com.st.stm32cube.ide.mcu.externaltools.gnu-tools-for-stm32.7-2018-q2-update.win32_1.4.0.202007081208/tools/bin/../lib/gcc/arm-none-eabi/7.3.1/thumb/v7-m/crtbegin.o

.rodata         0x000000000800441c       0x40
                0x000000000800441c                . = ALIGN (0x4)
 *(.rodata)
 .rodata        0x000000000800441c       0x12 Drivers/STM32F1xx_HAL_Driver/Src/stm32f1xx_hal_rcc.o
 *fill*         0x000000000800442e        0x2 
 .rodata        0x0000000008004430       0x12 Drivers/STM32F1xx_HAL_Driver/Src/stm32f1xx_hal_rcc_ex.o
 *(.rodata*)
 *fill*         0x0000000008004442        0x2 
 .rodata.AHBPrescTable
                0x0000000008004444       0x10 Core/Src/system_stm32f1xx.o
                0x0000000008004444                AHBPrescTable
 .rodata.APBPrescTable
                0x0000000008004454        0x8 Core/Src/system_stm32f1xx.o
                0x0000000008004454                APBPrescTable
                0x000000000800445c                . = ALIGN (0x4)

.rel.dyn        0x000000000800445c        0x0
 .rel.iplt      0x000000000800445c        0x0 c:/st/stm32cubeide_1.3.0/stm32cubeide/plugins/com.st.stm32cube.ide.mcu.externaltools.gnu-tools-for-stm32.7-2018-q2-update.win32_1.4.0.202007081208/tools/bin/../lib/gcc/arm-none-eabi/7.3.1/thumb/v7-m/crtbegin.o

.ARM.extab      0x000000000800445c        0x0
                0x000000000800445c                . = ALIGN (0x4)
 *(.ARM.extab* .gnu.linkonce.armextab.*)
                0x000000000800445c                . = ALIGN (0x4)

.ARM            0x000000000800445c        0x0
                0x000000000800445c                . = ALIGN (0x4)
                0x000000000800445c                __exidx_start = .
 *(.ARM.exidx*)
                0x000000000800445c                __exidx_end = .
                0x000000000800445c                . = ALIGN (0x4)

.preinit_array  0x000000000800445c        0x0
                0x000000000800445c                . = ALIGN (0x4)
                0x000000000800445c                PROVIDE (__preinit_array_start = .)
 *(.preinit_array*)
                0x000000000800445c                PROVIDE (__preinit_array_end = .)
                0x000000000800445c                . = ALIGN (0x4)

.init_array     0x000000000800445c        0x4
                0x000000000800445c                . = ALIGN (0x4)
                0x000000000800445c                PROVIDE (__init_array_start = .)
 *(SORT_BY_NAME(.init_array.*))
 *(.init_array*)
 .init_array    0x000000000800445c        0x4 c:/st/stm32cubeide_1.3.0/stm32cubeide/plugins/com.st.stm32cube.ide.mcu.externaltools.gnu-tools-for-stm32.7-2018-q2-update.win32_1.4.0.202007081208/tools/bin/../lib/gcc/arm-none-eabi/7.3.1/thumb/v7-m/crtbegin.o
                0x0000000008004460                PROVIDE (__init_array_end = .)
                0x0000000008004460                . = ALIGN (0x4)

.fini_array     0x0000000008004460        0x4
                0x0000000008004460                . = ALIGN (0x4)
                [!provide]                        PROVIDE (__fini_array_start = .)
 *(SORT_BY_NAME(.fini_array.*))
 *(.fini_array*)
 .fini_array    0x0000000008004460        0x4 c:/st/stm32cubeide_1.3.0/stm32cubeide/plugins/com.st.stm32cube.ide.mcu.externaltools.gnu-tools-for-stm32.7-2018-q2-update.win32_1.4.0.202007081208/tools/bin/../lib/gcc/arm-none-eabi/7.3.1/thumb/v7-m/crtbegin.o
                [!provide]                        PROVIDE (__fini_array_end = .)
                0x0000000008004464                . = ALIGN (0x4)
                0x0000000008004464                _sidata = LOADADDR (.data)

.data           0x0000000020000000        0xc load address 0x0000000008004464
                0x0000000020000000                . = ALIGN (0x4)
                0x0000000020000000                _sdata = .
 *(.data)
 *(.data*)
 .data.SystemCoreClock
                0x0000000020000000        0x4 Core/Src/system_stm32f1xx.o
                0x0000000020000000                SystemCoreClock
 .data.uwTickPrio
                0x0000000020000004        0x4 Drivers/STM32F1xx_HAL_Driver/Src/stm32f1xx_hal.o
                0x0000000020000004                uwTickPrio
 .data.uwTickFreq
                0x0000000020000008        0x1 Drivers/STM32F1xx_HAL_Driver/Src/stm32f1xx_hal.o
                0x0000000020000008                uwTickFreq
                0x000000002000000c                . = ALIGN (0x4)
 *fill*         0x0000000020000009        0x3 
                0x000000002000000c                _edata = .

.igot.plt       0x000000002000000c        0x0 load address 0x0000000008004470
 .igot.plt      0x000000002000000c        0x0 c:/st/stm32cubeide_1.3.0/stm32cubeide/plugins/com.st.stm32cube.ide.mcu.externaltools.gnu-tools-for-stm32.7-2018-q2-update.win32_1.4.0.202007081208/tools/bin/../lib/gcc/arm-none-eabi/7.3.1/thumb/v7-m/crtbegin.o
                0x000000002000000c                . = ALIGN (0x4)

.bss            0x000000002000000c      0x1bc load address 0x0000000008004470
                0x000000002000000c                _sbss = .
                0x000000002000000c                __bss_start__ = _sbss
 *(.bss)
 .bss           0x000000002000000c       0x1c c:/st/stm32cubeide_1.3.0/stm32cubeide/plugins/com.st.stm32cube.ide.mcu.externaltools.gnu-tools-for-stm32.7-2018-q2-update.win32_1.4.0.202007081208/tools/bin/../lib/gcc/arm-none-eabi/7.3.1/thumb/v7-m/crtbegin.o
 *(.bss*)
 .bss.adc_1     0x0000000020000028        0x8 Core/Src/main.o
                0x0000000020000028                adc_1
 *(COMMON)
 COMMON         0x0000000020000030      0x194 Core/Src/main.o
                0x0000000020000030                change
                0x0000000020000034                I_shunt
                0x0000000020000038                main_counter
                0x000000002000003c                hspi2
                0x0000000020000094                U_ac_dc
                0x0000000020000098                htim4
                0x00000000200000e0                currState
                0x00000000200000e4                counter_steps
                0x00000000200000e8                temperature
                0x00000000200000ec                fl
                0x00000000200000f0                hadc1
                0x0000000020000120                val
                0x0000000020000124                hdma_adc1
                0x0000000020000168                U_AB
                0x000000002000016c                htim1
                0x00000000200001b4                filtr_U_AB
                0x00000000200001b8                filtr_temperature
                0x00000000200001bc                filtr_I_shunt
                0x00000000200001c0                filtr_U_ac_dc
 COMMON         0x00000000200001c4        0x4 Drivers/STM32F1xx_HAL_Driver/Src/stm32f1xx_hal.o
                0x00000000200001c4                uwTick
                0x00000000200001c8                . = ALIGN (0x4)
                0x00000000200001c8                _ebss = .
                0x00000000200001c8                __bss_end__ = _ebss

._user_heap_stack
                0x00000000200001c8      0x600 load address 0x0000000008004470
                0x00000000200001c8                . = ALIGN (0x8)
                0x00000000200001c8                PROVIDE (end = .)
                [!provide]                        PROVIDE (_end = .)
                0x00000000200003c8                . = (. + _Min_Heap_Size)
 *fill*         0x00000000200001c8      0x200 
                0x00000000200007c8                . = (. + _Min_Stack_Size)
 *fill*         0x00000000200003c8      0x400 
                0x00000000200007c8                . = ALIGN (0x8)

/DISCARD/
 libc.a(*)
 libm.a(*)
 libgcc.a(*)

.ARM.attributes
                0x0000000000000000       0x29
 *(.ARM.attributes)
 .ARM.attributes
                0x0000000000000000       0x1d c:/st/stm32cubeide_1.3.0/stm32cubeide/plugins/com.st.stm32cube.ide.mcu.externaltools.gnu-tools-for-stm32.7-2018-q2-update.win32_1.4.0.202007081208/tools/bin/../lib/gcc/arm-none-eabi/7.3.1/thumb/v7-m/crti.o
 .ARM.attributes
                0x000000000000001d       0x2d c:/st/stm32cubeide_1.3.0/stm32cubeide/plugins/com.st.stm32cube.ide.mcu.externaltools.gnu-tools-for-stm32.7-2018-q2-update.win32_1.4.0.202007081208/tools/bin/../lib/gcc/arm-none-eabi/7.3.1/thumb/v7-m/crtbegin.o
 .ARM.attributes
                0x000000000000004a       0x33 Core/Src/lcd.o
 .ARM.attributes
                0x000000000000007d       0x33 Core/Src/main.o
 .ARM.attributes
                0x00000000000000b0       0x33 Core/Src/measurements.o
 .ARM.attributes
                0x00000000000000e3       0x33 Core/Src/state_machine.o
 .ARM.attributes
                0x0000000000000116       0x33 Core/Src/stm32f1xx_hal_msp.o
 .ARM.attributes
                0x0000000000000149       0x33 Core/Src/stm32f1xx_it.o
 .ARM.attributes
                0x000000000000017c       0x33 Core/Src/system_stm32f1xx.o
 .ARM.attributes
                0x00000000000001af       0x33 Core/Src/test.o
 .ARM.attributes
                0x00000000000001e2       0x21 Core/Startup/startup_stm32f103c8tx.o
 .ARM.attributes
                0x0000000000000203       0x33 Drivers/STM32F1xx_HAL_Driver/Src/stm32f1xx_hal.o
 .ARM.attributes
                0x0000000000000236       0x33 Drivers/STM32F1xx_HAL_Driver/Src/stm32f1xx_hal_adc.o
 .ARM.attributes
                0x0000000000000269       0x33 Drivers/STM32F1xx_HAL_Driver/Src/stm32f1xx_hal_adc_ex.o
 .ARM.attributes
                0x000000000000029c       0x33 Drivers/STM32F1xx_HAL_Driver/Src/stm32f1xx_hal_cortex.o
 .ARM.attributes
                0x00000000000002cf       0x33 Drivers/STM32F1xx_HAL_Driver/Src/stm32f1xx_hal_dma.o
 .ARM.attributes
                0x0000000000000302       0x33 Drivers/STM32F1xx_HAL_Driver/Src/stm32f1xx_hal_gpio.o
 .ARM.attributes
                0x0000000000000335       0x33 Drivers/STM32F1xx_HAL_Driver/Src/stm32f1xx_hal_rcc.o
 .ARM.attributes
                0x0000000000000368       0x33 Drivers/STM32F1xx_HAL_Driver/Src/stm32f1xx_hal_rcc_ex.o
 .ARM.attributes
                0x000000000000039b       0x33 Drivers/STM32F1xx_HAL_Driver/Src/stm32f1xx_hal_spi.o
 .ARM.attributes
                0x00000000000003ce       0x33 Drivers/STM32F1xx_HAL_Driver/Src/stm32f1xx_hal_tim.o
 .ARM.attributes
                0x0000000000000401       0x33 Drivers/STM32F1xx_HAL_Driver/Src/stm32f1xx_hal_tim_ex.o
 .ARM.attributes
                0x0000000000000434       0x2d c:/st/stm32cubeide_1.3.0/stm32cubeide/plugins/com.st.stm32cube.ide.mcu.externaltools.gnu-tools-for-stm32.7-2018-q2-update.win32_1.4.0.202007081208/tools/bin/../lib/gcc/arm-none-eabi/7.3.1/../../../../arm-none-eabi/lib/thumb/v7-m\libc_nano.a(lib_a-init.o)
 .ARM.attributes
                0x0000000000000461       0x2d c:/st/stm32cubeide_1.3.0/stm32cubeide/plugins/com.st.stm32cube.ide.mcu.externaltools.gnu-tools-for-stm32.7-2018-q2-update.win32_1.4.0.202007081208/tools/bin/../lib/gcc/arm-none-eabi/7.3.1/../../../../arm-none-eabi/lib/thumb/v7-m\libc_nano.a(lib_a-memset.o)
 .ARM.attributes
                0x000000000000048e       0x1d c:/st/stm32cubeide_1.3.0/stm32cubeide/plugins/com.st.stm32cube.ide.mcu.externaltools.gnu-tools-for-stm32.7-2018-q2-update.win32_1.4.0.202007081208/tools/bin/../lib/gcc/arm-none-eabi/7.3.1/thumb/v7-m/crtn.o
OUTPUT(F103C8T6.elf elf32-littlearm)

.debug_info     0x0000000000000000     0xd1b9
 .debug_info    0x0000000000000000      0x79f Core/Src/lcd.o
 .debug_info    0x000000000000079f     0x1411 Core/Src/main.o
 .debug_info    0x0000000000001bb0      0x27a Core/Src/measurements.o
 .debug_info    0x0000000000001e2a       0x9f Core/Src/state_machine.o
 .debug_info    0x0000000000001ec9     0x108a Core/Src/stm32f1xx_hal_msp.o
 .debug_info    0x0000000000002f53      0x76a Core/Src/stm32f1xx_it.o
 .debug_info    0x00000000000036bd      0x43e Core/Src/system_stm32f1xx.o
 .debug_info    0x0000000000003afb      0x256 Core/Src/test.o
 .debug_info    0x0000000000003d51       0x22 Core/Startup/startup_stm32f103c8tx.o
 .debug_info    0x0000000000003d73      0x714 Drivers/STM32F1xx_HAL_Driver/Src/stm32f1xx_hal.o
 .debug_info    0x0000000000004487      0xc6c Drivers/STM32F1xx_HAL_Driver/Src/stm32f1xx_hal_adc.o
 .debug_info    0x00000000000050f3      0xa06 Drivers/STM32F1xx_HAL_Driver/Src/stm32f1xx_hal_adc_ex.o
 .debug_info    0x0000000000005af9      0xb51 Drivers/STM32F1xx_HAL_Driver/Src/stm32f1xx_hal_cortex.o
 .debug_info    0x000000000000664a      0x7b1 Drivers/STM32F1xx_HAL_Driver/Src/stm32f1xx_hal_dma.o
 .debug_info    0x0000000000006dfb      0x69b Drivers/STM32F1xx_HAL_Driver/Src/stm32f1xx_hal_gpio.o
 .debug_info    0x0000000000007496      0x80f Drivers/STM32F1xx_HAL_Driver/Src/stm32f1xx_hal_rcc.o
 .debug_info    0x0000000000007ca5      0x444 Drivers/STM32F1xx_HAL_Driver/Src/stm32f1xx_hal_rcc_ex.o
 .debug_info    0x00000000000080e9     0x1572 Drivers/STM32F1xx_HAL_Driver/Src/stm32f1xx_hal_spi.o
 .debug_info    0x000000000000965b     0x27ef Drivers/STM32F1xx_HAL_Driver/Src/stm32f1xx_hal_tim.o
 .debug_info    0x000000000000be4a     0x136f Drivers/STM32F1xx_HAL_Driver/Src/stm32f1xx_hal_tim_ex.o

.debug_abbrev   0x0000000000000000     0x2186
 .debug_abbrev  0x0000000000000000      0x1e8 Core/Src/lcd.o
 .debug_abbrev  0x00000000000001e8      0x248 Core/Src/main.o
 .debug_abbrev  0x0000000000000430       0xbd Core/Src/measurements.o
 .debug_abbrev  0x00000000000004ed       0x9b Core/Src/state_machine.o
 .debug_abbrev  0x0000000000000588      0x1f8 Core/Src/stm32f1xx_hal_msp.o
 .debug_abbrev  0x0000000000000780      0x15a Core/Src/stm32f1xx_it.o
 .debug_abbrev  0x00000000000008da      0x134 Core/Src/system_stm32f1xx.o
 .debug_abbrev  0x0000000000000a0e       0xe4 Core/Src/test.o
 .debug_abbrev  0x0000000000000af2       0x12 Core/Startup/startup_stm32f103c8tx.o
 .debug_abbrev  0x0000000000000b04      0x1c7 Drivers/STM32F1xx_HAL_Driver/Src/stm32f1xx_hal.o
 .debug_abbrev  0x0000000000000ccb      0x1d5 Drivers/STM32F1xx_HAL_Driver/Src/stm32f1xx_hal_adc.o
 .debug_abbrev  0x0000000000000ea0      0x1f5 Drivers/STM32F1xx_HAL_Driver/Src/stm32f1xx_hal_adc_ex.o
 .debug_abbrev  0x0000000000001095      0x2d5 Drivers/STM32F1xx_HAL_Driver/Src/stm32f1xx_hal_cortex.o
 .debug_abbrev  0x000000000000136a      0x1fe Drivers/STM32F1xx_HAL_Driver/Src/stm32f1xx_hal_dma.o
 .debug_abbrev  0x0000000000001568      0x1c0 Drivers/STM32F1xx_HAL_Driver/Src/stm32f1xx_hal_gpio.o
 .debug_abbrev  0x0000000000001728      0x243 Drivers/STM32F1xx_HAL_Driver/Src/stm32f1xx_hal_rcc.o
 .debug_abbrev  0x000000000000196b      0x175 Drivers/STM32F1xx_HAL_Driver/Src/stm32f1xx_hal_rcc_ex.o
 .debug_abbrev  0x0000000000001ae0      0x240 Drivers/STM32F1xx_HAL_Driver/Src/stm32f1xx_hal_spi.o
 .debug_abbrev  0x0000000000001d20      0x230 Drivers/STM32F1xx_HAL_Driver/Src/stm32f1xx_hal_tim.o
 .debug_abbrev  0x0000000000001f50      0x236 Drivers/STM32F1xx_HAL_Driver/Src/stm32f1xx_hal_tim_ex.o

.debug_aranges  0x0000000000000000      0xe48
 .debug_aranges
                0x0000000000000000       0x40 Core/Src/lcd.o
 .debug_aranges
                0x0000000000000040       0x68 Core/Src/main.o
 .debug_aranges
                0x00000000000000a8       0x30 Core/Src/measurements.o
 .debug_aranges
                0x00000000000000d8       0x28 Core/Src/state_machine.o
 .debug_aranges
                0x0000000000000100       0x60 Core/Src/stm32f1xx_hal_msp.o
 .debug_aranges
                0x0000000000000160       0x70 Core/Src/stm32f1xx_it.o
 .debug_aranges
                0x00000000000001d0       0x28 Core/Src/system_stm32f1xx.o
 .debug_aranges
                0x00000000000001f8       0x38 Core/Src/test.o
 .debug_aranges
                0x0000000000000230       0x28 Core/Startup/startup_stm32f103c8tx.o
 .debug_aranges
                0x0000000000000258       0xe0 Drivers/STM32F1xx_HAL_Driver/Src/stm32f1xx_hal.o
 .debug_aranges
                0x0000000000000338       0xf0 Drivers/STM32F1xx_HAL_Driver/Src/stm32f1xx_hal_adc.o
 .debug_aranges
                0x0000000000000428       0x80 Drivers/STM32F1xx_HAL_Driver/Src/stm32f1xx_hal_adc_ex.o
 .debug_aranges
                0x00000000000004a8      0x100 Drivers/STM32F1xx_HAL_Driver/Src/stm32f1xx_hal_cortex.o
 .debug_aranges
                0x00000000000005a8       0x80 Drivers/STM32F1xx_HAL_Driver/Src/stm32f1xx_hal_dma.o
 .debug_aranges
                0x0000000000000628       0x58 Drivers/STM32F1xx_HAL_Driver/Src/stm32f1xx_hal_gpio.o
 .debug_aranges
                0x0000000000000680       0x90 Drivers/STM32F1xx_HAL_Driver/Src/stm32f1xx_hal_rcc.o
 .debug_aranges
                0x0000000000000710       0x30 Drivers/STM32F1xx_HAL_Driver/Src/stm32f1xx_hal_rcc_ex.o
 .debug_aranges
                0x0000000000000740      0x1d0 Drivers/STM32F1xx_HAL_Driver/Src/stm32f1xx_hal_spi.o
 .debug_aranges
                0x0000000000000910      0x3d0 Drivers/STM32F1xx_HAL_Driver/Src/stm32f1xx_hal_tim.o
 .debug_aranges
                0x0000000000000ce0      0x168 Drivers/STM32F1xx_HAL_Driver/Src/stm32f1xx_hal_tim_ex.o

.debug_ranges   0x0000000000000000      0xd10
 .debug_ranges  0x0000000000000000       0x30 Core/Src/lcd.o
 .debug_ranges  0x0000000000000030       0x58 Core/Src/main.o
 .debug_ranges  0x0000000000000088       0x20 Core/Src/measurements.o
 .debug_ranges  0x00000000000000a8       0x18 Core/Src/state_machine.o
 .debug_ranges  0x00000000000000c0       0x50 Core/Src/stm32f1xx_hal_msp.o
 .debug_ranges  0x0000000000000110       0x60 Core/Src/stm32f1xx_it.o
 .debug_ranges  0x0000000000000170       0x18 Core/Src/system_stm32f1xx.o
 .debug_ranges  0x0000000000000188       0x28 Core/Src/test.o
 .debug_ranges  0x00000000000001b0       0x20 Core/Startup/startup_stm32f103c8tx.o
 .debug_ranges  0x00000000000001d0       0xd0 Drivers/STM32F1xx_HAL_Driver/Src/stm32f1xx_hal.o
 .debug_ranges  0x00000000000002a0       0xe0 Drivers/STM32F1xx_HAL_Driver/Src/stm32f1xx_hal_adc.o
 .debug_ranges  0x0000000000000380       0x70 Drivers/STM32F1xx_HAL_Driver/Src/stm32f1xx_hal_adc_ex.o
 .debug_ranges  0x00000000000003f0       0xf0 Drivers/STM32F1xx_HAL_Driver/Src/stm32f1xx_hal_cortex.o
 .debug_ranges  0x00000000000004e0       0x70 Drivers/STM32F1xx_HAL_Driver/Src/stm32f1xx_hal_dma.o
 .debug_ranges  0x0000000000000550       0x48 Drivers/STM32F1xx_HAL_Driver/Src/stm32f1xx_hal_gpio.o
 .debug_ranges  0x0000000000000598       0x80 Drivers/STM32F1xx_HAL_Driver/Src/stm32f1xx_hal_rcc.o
 .debug_ranges  0x0000000000000618       0x20 Drivers/STM32F1xx_HAL_Driver/Src/stm32f1xx_hal_rcc_ex.o
 .debug_ranges  0x0000000000000638      0x1c0 Drivers/STM32F1xx_HAL_Driver/Src/stm32f1xx_hal_spi.o
 .debug_ranges  0x00000000000007f8      0x3c0 Drivers/STM32F1xx_HAL_Driver/Src/stm32f1xx_hal_tim.o
 .debug_ranges  0x0000000000000bb8      0x158 Drivers/STM32F1xx_HAL_Driver/Src/stm32f1xx_hal_tim_ex.o

.debug_macro    0x0000000000000000    0x17e45
 .debug_macro   0x0000000000000000      0x1d6 Core/Src/lcd.o
 .debug_macro   0x00000000000001d6      0xa5a Core/Src/lcd.o
 .debug_macro   0x0000000000000c30      0x227 Core/Src/lcd.o
 .debug_macro   0x0000000000000e57       0x2e Core/Src/lcd.o
 .debug_macro   0x0000000000000e85       0x22 Core/Src/lcd.o
 .debug_macro   0x0000000000000ea7       0x22 Core/Src/lcd.o
 .debug_macro   0x0000000000000ec9       0x8e Core/Src/lcd.o
 .debug_macro   0x0000000000000f57       0x51 Core/Src/lcd.o
 .debug_macro   0x0000000000000fa8       0xef Core/Src/lcd.o
 .debug_macro   0x0000000000001097       0x6a Core/Src/lcd.o
 .debug_macro   0x0000000000001101      0x1df Core/Src/lcd.o
 .debug_macro   0x00000000000012e0       0x1c Core/Src/lcd.o
 .debug_macro   0x00000000000012fc       0x22 Core/Src/lcd.o
 .debug_macro   0x000000000000131e       0xc3 Core/Src/lcd.o
 .debug_macro   0x00000000000013e1      0xd23 Core/Src/lcd.o
 .debug_macro   0x0000000000002104     0xe097 Core/Src/lcd.o
 .debug_macro   0x000000000001019b       0x43 Core/Src/lcd.o
 .debug_macro   0x00000000000101de     0x3468 Core/Src/lcd.o
 .debug_macro   0x0000000000013646      0x174 Core/Src/lcd.o
 .debug_macro   0x00000000000137ba       0x5c Core/Src/lcd.o
 .debug_macro   0x0000000000013816      0x5be Core/Src/lcd.o
 .debug_macro   0x0000000000013dd4      0x289 Core/Src/lcd.o
 .debug_macro   0x000000000001405d      0x1cb Core/Src/lcd.o
 .debug_macro   0x0000000000014228      0x114 Core/Src/lcd.o
 .debug_macro   0x000000000001433c      0x1b2 Core/Src/lcd.o
 .debug_macro   0x00000000000144ee       0x27 Core/Src/lcd.o
 .debug_macro   0x0000000000014515      0x136 Core/Src/lcd.o
 .debug_macro   0x000000000001464b      0x1bc Core/Src/lcd.o
 .debug_macro   0x0000000000014807       0x34 Core/Src/lcd.o
 .debug_macro   0x000000000001483b       0x3c Core/Src/lcd.o
 .debug_macro   0x0000000000014877       0x57 Core/Src/lcd.o
 .debug_macro   0x00000000000148ce      0x46a Core/Src/lcd.o
 .debug_macro   0x0000000000014d38      0x1b5 Core/Src/lcd.o
 .debug_macro   0x0000000000014eed       0x88 Core/Src/lcd.o
 .debug_macro   0x0000000000014f75      0x241 Core/Src/lcd.o
 .debug_macro   0x00000000000151b6      0x141 Core/Src/lcd.o
 .debug_macro   0x00000000000152f7      0x217 Core/Src/lcd.o
 .debug_macro   0x000000000001550e      0x8d1 Core/Src/lcd.o
 .debug_macro   0x0000000000015ddf       0x83 Core/Src/lcd.o
 .debug_macro   0x0000000000015e62       0xd0 Core/Src/lcd.o
 .debug_macro   0x0000000000015f32      0x1f7 Core/Src/main.o
 .debug_macro   0x0000000000016129       0x34 Core/Src/main.o
 .debug_macro   0x000000000001615d      0x1c6 Core/Src/measurements.o
 .debug_macro   0x0000000000016323       0x2e Core/Src/measurements.o
 .debug_macro   0x0000000000016351       0x1b Core/Src/state_machine.o
 .debug_macro   0x000000000001636c      0x1c6 Core/Src/stm32f1xx_hal_msp.o
 .debug_macro   0x0000000000016532      0x1d0 Core/Src/stm32f1xx_it.o
 .debug_macro   0x0000000000016702      0x1bd Core/Src/system_stm32f1xx.o
 .debug_macro   0x00000000000168bf      0x1d0 Core/Src/test.o
 .debug_macro   0x0000000000016a8f      0x1db Drivers/STM32F1xx_HAL_Driver/Src/stm32f1xx_hal.o
 .debug_macro   0x0000000000016c6a      0x1d4 Drivers/STM32F1xx_HAL_Driver/Src/stm32f1xx_hal_adc.o
 .debug_macro   0x0000000000016e3e      0x1c9 Drivers/STM32F1xx_HAL_Driver/Src/stm32f1xx_hal_adc_ex.o
 .debug_macro   0x0000000000017007      0x1b7 Drivers/STM32F1xx_HAL_Driver/Src/stm32f1xx_hal_cortex.o
 .debug_macro   0x00000000000171be      0x1b7 Drivers/STM32F1xx_HAL_Driver/Src/stm32f1xx_hal_dma.o
 .debug_macro   0x0000000000017375      0x222 Drivers/STM32F1xx_HAL_Driver/Src/stm32f1xx_hal_gpio.o
 .debug_macro   0x0000000000017597      0x1c9 Drivers/STM32F1xx_HAL_Driver/Src/stm32f1xx_hal_rcc.o
 .debug_macro   0x0000000000017760      0x1b7 Drivers/STM32F1xx_HAL_Driver/Src/stm32f1xx_hal_rcc_ex.o
 .debug_macro   0x0000000000017917      0x1bf Drivers/STM32F1xx_HAL_Driver/Src/stm32f1xx_hal_spi.o
 .debug_macro   0x0000000000017ad6      0x1b8 Drivers/STM32F1xx_HAL_Driver/Src/stm32f1xx_hal_tim.o
 .debug_macro   0x0000000000017c8e      0x1b7 Drivers/STM32F1xx_HAL_Driver/Src/stm32f1xx_hal_tim_ex.o

.debug_line     0x0000000000000000     0xc2e7
 .debug_line    0x0000000000000000      0x72e Core/Src/lcd.o
 .debug_line    0x000000000000072e      0x855 Core/Src/main.o
 .debug_line    0x0000000000000f83      0x6d1 Core/Src/measurements.o
 .debug_line    0x0000000000001654       0x7d Core/Src/state_machine.o
 .debug_line    0x00000000000016d1      0x765 Core/Src/stm32f1xx_hal_msp.o
 .debug_line    0x0000000000001e36      0x772 Core/Src/stm32f1xx_it.o
 .debug_line    0x00000000000025a8      0x6d8 Core/Src/system_stm32f1xx.o
 .debug_line    0x0000000000002c80      0x6e7 Core/Src/test.o
 .debug_line    0x0000000000003367       0x84 Core/Startup/startup_stm32f103c8tx.o
 .debug_line    0x00000000000033eb      0x882 Drivers/STM32F1xx_HAL_Driver/Src/stm32f1xx_hal.o
 .debug_line    0x0000000000003c6d      0xbd3 Drivers/STM32F1xx_HAL_Driver/Src/stm32f1xx_hal_adc.o
 .debug_line    0x0000000000004840      0xa16 Drivers/STM32F1xx_HAL_Driver/Src/stm32f1xx_hal_adc_ex.o
 .debug_line    0x0000000000005256      0x959 Drivers/STM32F1xx_HAL_Driver/Src/stm32f1xx_hal_cortex.o
 .debug_line    0x0000000000005baf      0xae7 Drivers/STM32F1xx_HAL_Driver/Src/stm32f1xx_hal_dma.o
 .debug_line    0x0000000000006696      0x87e Drivers/STM32F1xx_HAL_Driver/Src/stm32f1xx_hal_gpio.o
 .debug_line    0x0000000000006f14      0x942 Drivers/STM32F1xx_HAL_Driver/Src/stm32f1xx_hal_rcc.o
 .debug_line    0x0000000000007856      0x760 Drivers/STM32F1xx_HAL_Driver/Src/stm32f1xx_hal_rcc_ex.o
 .debug_line    0x0000000000007fb6     0x106d Drivers/STM32F1xx_HAL_Driver/Src/stm32f1xx_hal_spi.o
 .debug_line    0x0000000000009023     0x1fdb Drivers/STM32F1xx_HAL_Driver/Src/stm32f1xx_hal_tim.o
 .debug_line    0x000000000000affe     0x12e9 Drivers/STM32F1xx_HAL_Driver/Src/stm32f1xx_hal_tim_ex.o

.debug_str      0x0000000000000000    0x8af38
 .debug_str     0x0000000000000000    0x874ff Core/Src/lcd.o
                                      0x878a4 (size before relaxing)
 .debug_str     0x00000000000874ff      0xac5 Core/Src/main.o
                                      0x88465 (size before relaxing)
 .debug_str     0x0000000000087fc4       0x3d Core/Src/measurements.o
                                      0x8721f (size before relaxing)
 .debug_str     0x0000000000088001       0x2e Core/Src/state_machine.o
                                       0x2d19 (size before relaxing)
 .debug_str     0x000000000008802f      0x109 Core/Src/stm32f1xx_hal_msp.o
                                      0x8806c (size before relaxing)
 .debug_str     0x0000000000088138       0xd6 Core/Src/stm32f1xx_it.o
                                      0x879bf (size before relaxing)
 .debug_str     0x000000000008820e       0xc2 Core/Src/system_stm32f1xx.o
                                      0x871ea (size before relaxing)
 .debug_str     0x00000000000882d0       0x4d Core/Src/test.o
                                      0x874a6 (size before relaxing)
 .debug_str     0x000000000008831d       0x36 Core/Startup/startup_stm32f103c8tx.o
                                         0x5a (size before relaxing)
 .debug_str     0x0000000000088353      0x2fa Drivers/STM32F1xx_HAL_Driver/Src/stm32f1xx_hal.o
                                      0x87801 (size before relaxing)
 .debug_str     0x000000000008864d      0x33e Drivers/STM32F1xx_HAL_Driver/Src/stm32f1xx_hal_adc.o
                                      0x87800 (size before relaxing)
 .debug_str     0x000000000008898b      0x2fb Drivers/STM32F1xx_HAL_Driver/Src/stm32f1xx_hal_adc_ex.o
                                      0x877b5 (size before relaxing)
 .debug_str     0x0000000000088c86      0x2ac Drivers/STM32F1xx_HAL_Driver/Src/stm32f1xx_hal_cortex.o
                                      0x87809 (size before relaxing)
 .debug_str     0x0000000000088f32      0x230 Drivers/STM32F1xx_HAL_Driver/Src/stm32f1xx_hal_dma.o
                                      0x8754b (size before relaxing)
 .debug_str     0x0000000000089162      0x31f Drivers/STM32F1xx_HAL_Driver/Src/stm32f1xx_hal_gpio.o
                                      0x87534 (size before relaxing)
 .debug_str     0x0000000000089481      0x24f Drivers/STM32F1xx_HAL_Driver/Src/stm32f1xx_hal_rcc.o
                                      0x8756d (size before relaxing)
 .debug_str     0x00000000000896d0       0xb9 Drivers/STM32F1xx_HAL_Driver/Src/stm32f1xx_hal_rcc_ex.o
                                      0x872fa (size before relaxing)
 .debug_str     0x0000000000089789      0x543 Drivers/STM32F1xx_HAL_Driver/Src/stm32f1xx_hal_spi.o
                                      0x87a75 (size before relaxing)
 .debug_str     0x0000000000089ccc      0xd55 Drivers/STM32F1xx_HAL_Driver/Src/stm32f1xx_hal_tim.o
                                      0x8853f (size before relaxing)
 .debug_str     0x000000000008aa21      0x517 Drivers/STM32F1xx_HAL_Driver/Src/stm32f1xx_hal_tim_ex.o
                                      0x87d19 (size before relaxing)

.comment        0x0000000000000000       0x7b
 .comment       0x0000000000000000       0x7b Core/Src/lcd.o
                                         0x7c (size before relaxing)
 .comment       0x000000000000007b       0x7c Core/Src/main.o
 .comment       0x000000000000007b       0x7c Core/Src/measurements.o
 .comment       0x000000000000007b       0x7c Core/Src/state_machine.o
 .comment       0x000000000000007b       0x7c Core/Src/stm32f1xx_hal_msp.o
 .comment       0x000000000000007b       0x7c Core/Src/stm32f1xx_it.o
 .comment       0x000000000000007b       0x7c Core/Src/system_stm32f1xx.o
 .comment       0x000000000000007b       0x7c Core/Src/test.o
 .comment       0x000000000000007b       0x7c Drivers/STM32F1xx_HAL_Driver/Src/stm32f1xx_hal.o
 .comment       0x000000000000007b       0x7c Drivers/STM32F1xx_HAL_Driver/Src/stm32f1xx_hal_adc.o
 .comment       0x000000000000007b       0x7c Drivers/STM32F1xx_HAL_Driver/Src/stm32f1xx_hal_adc_ex.o
 .comment       0x000000000000007b       0x7c Drivers/STM32F1xx_HAL_Driver/Src/stm32f1xx_hal_cortex.o
 .comment       0x000000000000007b       0x7c Drivers/STM32F1xx_HAL_Driver/Src/stm32f1xx_hal_dma.o
 .comment       0x000000000000007b       0x7c Drivers/STM32F1xx_HAL_Driver/Src/stm32f1xx_hal_gpio.o
 .comment       0x000000000000007b       0x7c Drivers/STM32F1xx_HAL_Driver/Src/stm32f1xx_hal_rcc.o
 .comment       0x000000000000007b       0x7c Drivers/STM32F1xx_HAL_Driver/Src/stm32f1xx_hal_rcc_ex.o
 .comment       0x000000000000007b       0x7c Drivers/STM32F1xx_HAL_Driver/Src/stm32f1xx_hal_spi.o
 .comment       0x000000000000007b       0x7c Drivers/STM32F1xx_HAL_Driver/Src/stm32f1xx_hal_tim.o
 .comment       0x000000000000007b       0x7c Drivers/STM32F1xx_HAL_Driver/Src/stm32f1xx_hal_tim_ex.o

.debug_frame    0x0000000000000000     0x3a2c
 .debug_frame   0x0000000000000000       0xbc Core/Src/lcd.o
 .debug_frame   0x00000000000000bc      0x16c Core/Src/main.o
 .debug_frame   0x0000000000000228       0x70 Core/Src/measurements.o
 .debug_frame   0x0000000000000298       0x58 Core/Src/state_machine.o
 .debug_frame   0x00000000000002f0      0x160 Core/Src/stm32f1xx_hal_msp.o
 .debug_frame   0x0000000000000450      0x144 Core/Src/stm32f1xx_it.o
 .debug_frame   0x0000000000000594       0x58 Core/Src/system_stm32f1xx.o
 .debug_frame   0x00000000000005ec       0x80 Core/Src/test.o
 .debug_frame   0x000000000000066c      0x334 Drivers/STM32F1xx_HAL_Driver/Src/stm32f1xx_hal.o
 .debug_frame   0x00000000000009a0      0x40c Drivers/STM32F1xx_HAL_Driver/Src/stm32f1xx_hal_adc.o
 .debug_frame   0x0000000000000dac      0x204 Drivers/STM32F1xx_HAL_Driver/Src/stm32f1xx_hal_adc_ex.o
 .debug_frame   0x0000000000000fb0      0x428 Drivers/STM32F1xx_HAL_Driver/Src/stm32f1xx_hal_cortex.o
 .debug_frame   0x00000000000013d8      0x208 Drivers/STM32F1xx_HAL_Driver/Src/stm32f1xx_hal_dma.o
 .debug_frame   0x00000000000015e0      0x14c Drivers/STM32F1xx_HAL_Driver/Src/stm32f1xx_hal_gpio.o
 .debug_frame   0x000000000000172c      0x21c Drivers/STM32F1xx_HAL_Driver/Src/stm32f1xx_hal_rcc.o
 .debug_frame   0x0000000000001948       0x84 Drivers/STM32F1xx_HAL_Driver/Src/stm32f1xx_hal_rcc_ex.o
 .debug_frame   0x00000000000019cc      0x824 Drivers/STM32F1xx_HAL_Driver/Src/stm32f1xx_hal_spi.o
 .debug_frame   0x00000000000021f0     0x11b8 Drivers/STM32F1xx_HAL_Driver/Src/stm32f1xx_hal_tim.o
 .debug_frame   0x00000000000033a8      0x638 Drivers/STM32F1xx_HAL_Driver/Src/stm32f1xx_hal_tim_ex.o
 .debug_frame   0x00000000000039e0       0x2c c:/st/stm32cubeide_1.3.0/stm32cubeide/plugins/com.st.stm32cube.ide.mcu.externaltools.gnu-tools-for-stm32.7-2018-q2-update.win32_1.4.0.202007081208/tools/bin/../lib/gcc/arm-none-eabi/7.3.1/../../../../arm-none-eabi/lib/thumb/v7-m\libc_nano.a(lib_a-init.o)
 .debug_frame   0x0000000000003a0c       0x20 c:/st/stm32cubeide_1.3.0/stm32cubeide/plugins/com.st.stm32cube.ide.mcu.externaltools.gnu-tools-for-stm32.7-2018-q2-update.win32_1.4.0.202007081208/tools/bin/../lib/gcc/arm-none-eabi/7.3.1/../../../../arm-none-eabi/lib/thumb/v7-m\libc_nano.a(lib_a-memset.o)
